// Jest Snapshot v1, https://goo.gl/fbAQLP

exports[`EscrowFactoryView component renders correctly, corresponds to the snapshot 1`] = `
<div
  className="MuiPaper-root MuiPaper-outlined MuiPaper-rounded MuiCard-root css-1v5z4dq-MuiPaper-root-MuiCard-root"
>
  <div
    className="MuiCardContent-root css-46bh2p-MuiCardContent-root"
  >
    <div
      className="MuiDivider-root MuiDivider-fullWidth MuiDivider-withChildren css-16qoh2c-MuiDivider-root"
      role="separator"
    >
      <span
        className="MuiDivider-wrapper css-qywfm8-MuiDivider-wrapper"
      >
        <p
          className="MuiTypography-root MuiTypography-body2 css-r40f8v-MuiTypography-root"
        >
          Escrow Factory Address
        </p>
      </span>
    </div>
    <p
      className="MuiTypography-root MuiTypography-body2 css-1ypfif-MuiTypography-root"
    >
      63fea823365f1c81fad234abdf5a1f43
    </p>
    <div
      className="MuiDivider-root MuiDivider-fullWidth MuiDivider-withChildren css-16qoh2c-MuiDivider-root"
      role="separator"
    >
      <span
        className="MuiDivider-wrapper css-qywfm8-MuiDivider-wrapper"
      >
        <p
          className="MuiTypography-root MuiTypography-body2 css-r40f8v-MuiTypography-root"
        >
          Latest Escrow
        </p>
      </span>
    </div>
    <p
      className="MuiTypography-root MuiTypography-body2 css-1ypfif-MuiTypography-root"
    >
      eaac4d45c3c41f449cf7c94622afacbc
    </p>
    <div
      className="MuiDivider-root MuiDivider-fullWidth MuiDivider-withChildren css-16qoh2c-MuiDivider-root"
      role="separator"
    >
      <span
        className="MuiDivider-wrapper css-qywfm8-MuiDivider-wrapper"
      >
        <p
          className="MuiTypography-root MuiTypography-body2 css-r40f8v-MuiTypography-root"
        >
          Amount Of Escrows
        </p>
      </span>
    </div>
    <p
      className="MuiTypography-root MuiTypography-body2 css-1ypfif-MuiTypography-root"
    >
      10
    </p>
    <div
      className="MuiDivider-root MuiDivider-fullWidth MuiDivider-withChildren css-16qoh2c-MuiDivider-root"
      role="separator"
    >
      <span
        className="MuiDivider-wrapper css-qywfm8-MuiDivider-wrapper"
      >
        <p
          className="MuiTypography-root MuiTypography-body2 css-r40f8v-MuiTypography-root"
        >
          All Escrows Pending Events
        </p>
      </span>
    </div>
    <p
      className="MuiTypography-root MuiTypography-body2 css-1ypfif-MuiTypography-root"
    >
      1
    </p>
    <div
      className="MuiDivider-root MuiDivider-fullWidth MuiDivider-withChildren css-16qoh2c-MuiDivider-root"
      role="separator"
    >
      <span
        className="MuiDivider-wrapper css-qywfm8-MuiDivider-wrapper"
      >
        <p
          className="MuiTypography-root MuiTypography-body2 css-r40f8v-MuiTypography-root"
        >
          All Escrows BulkTransfer Events
        </p>
      </span>
    </div>
    <p
      className="MuiTypography-root MuiTypography-body2 css-1ypfif-MuiTypography-root"
    >
      1
    </p>
    <div
      className="MuiDivider-root MuiDivider-fullWidth MuiDivider-withChildren css-16qoh2c-MuiDivider-root"
      role="separator"
    >
      <span
        className="MuiDivider-wrapper css-qywfm8-MuiDivider-wrapper"
      >
        <p
          className="MuiTypography-root MuiTypography-body2 css-r40f8v-MuiTypography-root"
        >
          All Escrows IntermediateStorage Events
        </p>
      </span>
    </div>
    <p
      className="MuiTypography-root MuiTypography-body2 css-1ypfif-MuiTypography-root"
    >
      1
    </p>
    <div
      className="MuiDivider-root MuiDivider-fullWidth MuiDivider-withChildren css-16qoh2c-MuiDivider-root"
      role="separator"
    >
      <span
        className="MuiDivider-wrapper css-qywfm8-MuiDivider-wrapper"
      >
        <p
          className="MuiTypography-root MuiTypography-body2 css-r40f8v-MuiTypography-root"
        >
          Total Number Of Escrows Events
        </p>
      </span>
    </div>
    <p
      className="MuiTypography-root MuiTypography-body2 css-1ypfif-MuiTypography-root"
    >
      3
    </p>
    <div
      className="MuiBox-root css-xi606m"
    >
      <div
        className="MuiDivider-root MuiDivider-fullWidth MuiDivider-withChildren css-16qoh2c-MuiDivider-root"
        role="separator"
      >
        <span
          className="MuiDivider-wrapper css-qywfm8-MuiDivider-wrapper"
        >
          <p
            className="MuiTypography-root MuiTypography-body2 css-r40f8v-MuiTypography-root"
          >
            All Launched Escrows
          </p>
        </span>
      </div>
      <a
        className="MuiTypography-root MuiTypography-inherit MuiTypography-alignCenter MuiLink-root MuiLink-underlineAlways css-1qm1xlu-MuiTypography-root-MuiLink-root"
        href="test.url"
        onBlur={[Function]}
        onFocus={[Function]}
        rel="noreferrer"
        target="_blank"
      >
        test-scanner
      </a>
    </div>
  </div>
</div>
`;
